MO LCDI NULL LCDI.v vlg44/_l_c_d_i.bin 1459059143
MO bin2dec32Bit NULL bin2dec32Bit.v vlg13/bin2dec32_bit.bin 1459056528
MO bin2dec64Bit NULL bin2dec64Bit.v vlg60/bin2dec64_bit.bin 1459059143
MO topFile NULL topFile.v vlg6F/top_file.bin 1459059143
MO simClockDiv NULL simClockDiv.v vlg3C/sim_clock_div.bin 1459059143
MO SimplePodModel NULL SimplePodModel.v vlg76/_simple_pod_model.bin 1459059143
